C:\Users\MANAV\Documents\sakshi python\sakshi searches.py
C:\Users\MANAV\Documents\sakshi python\sakshi dictinary.py
C:\Users\MANAV\Documents\sakshi python\sakshi menu driven.py
C:\Users\MANAV\Documents\sakshi python\data representation.py
C:\Users\MANAV\Documents\sakshi python\sakshi 15 sep.py
C:\Users\MANAV\Documents\sakshi python\sakshi annual exam preparation.py
C:\Users\MANAV\Documents\sakshi dictinary.py
C:\Users\MANAV\AppData\Local\Programs\Python\Python312\sak 24sep.py
C:\Users\MANAV\AppData\Local\Programs\Python\Python312\sep 24.py
C:\Users\MANAV\AppData\Local\Programs\Python\Python312\sak16 8pm.py
C:\Users\MANAV\AppData\Local\Programs\Python\Python312\list.py
C:\Users\MANAV\AppData\Local\Programs\Python\Python312\sak 15.py
C:\Users\MANAV\AppData\Local\Programs\Python\Python312\sak2.py
C:\Users\MANAV\AppData\Local\Programs\Python\Python312\sak.py
C:\Users\MANAV\AppData\Local\Programs\Python\Python312\sak152.py
C:\Users\MANAV\AppData\Local\Programs\Python\Python312\sak16.py
C:\Users\MANAV\AppData\Local\Programs\Python\Python312\list nested.py
